// Jest Snapshot v1, https://goo.gl/fbAQLP

exports[`SearchInput renders Input with correct props and Search icon 1`] = `
[
  <View
    aria-label="Notifications (F8)"
    pointerEvents="box-none"
    role="region"
    style={
      {
        "bottom": 0,
        "flexDirection": "column",
        "left": 0,
        "maxWidth": "100%",
        "position": "absolute",
        "right": 0,
        "top": 0,
        "zIndex": 100000,
      }
    }
    tabIndex={-1}
  >
    <View
      focusable={false}
      pointerEvents="box-none"
      style={
        {
          "flexDirection": "column",
          "maxWidth": "100%",
          "position": "absolute",
        }
      }
    />
  </View>,
  <View
    style={[]}
  >
    <View
      style={[]}
    >
      <RNSVGSvgView
        align="xMidYMid"
        bbHeight="24"
        bbWidth="24"
        fill="none"
        focusable={false}
        height="24"
        left={16}
        meetOrSlice={0}
        minX={0}
        minY={0}
        position="absolute"
        size={16}
        style={
          [
            {
              "backgroundColor": "transparent",
              "borderWidth": 0,
            },
            {
              "flex": 0,
              "height": 24,
              "width": 24,
            },
          ]
        }
        testID="left-icon"
        vbHeight={24}
        vbWidth={24}
        width="24"
        zIndex={200}
      >
        <RNSVGGroup
          fill={null}
          propList={
            [
              "fill",
            ]
          }
        >
          <RNSVGPath
            d="M11.5 21C16.7467 21 21 16.7467 21 11.5C21 6.25329 16.7467 2 11.5 2C6.25329 2 2 6.25329 2 11.5C2 16.7467 6.25329 21 11.5 21Z"
            fill={
              {
                "payload": 4278190080,
                "type": 0,
              }
            }
            propList={
              [
                "stroke",
                "strokeWidth",
                "strokeLinecap",
                "strokeLinejoin",
              ]
            }
            stroke={
              {
                "payload": 4288455599,
                "type": 0,
              }
            }
            strokeLinecap={1}
            strokeLinejoin={1}
            strokeWidth="1.5"
          />
          <RNSVGPath
            d="M22 22L20 20"
            fill={
              {
                "payload": 4278190080,
                "type": 0,
              }
            }
            propList={
              [
                "stroke",
                "strokeWidth",
                "strokeLinecap",
                "strokeLinejoin",
              ]
            }
            stroke={
              {
                "payload": 4288455599,
                "type": 0,
              }
            }
            strokeLinecap={1}
            strokeLinejoin={1}
            strokeWidth="1.5"
          />
        </RNSVGGroup>
      </RNSVGSvgView>
      <TextInput
        clearButtonMode="always"
        enterKeyHint="search"
        focusVisibleStyle={{}}
        focusable={true}
        keyboardType="web-search"
        onBlur={[Function]}
        onChangeText={[Function]}
        onEndEditing={[Function]}
        onFocus={[Function]}
        placeholder="Search..."
        placeholderTextColor="#9ca3af"
        returnKeyType="search"
        style={
          {
            "backgroundColor": "#f3f4f6",
            "borderBottomColor": "hsla(0, 0%, 91%, 1)",
            "borderBottomLeftRadius": 8,
            "borderBottomRightRadius": 8,
            "borderBottomWidth": 0,
            "borderLeftColor": "hsla(0, 0%, 91%, 1)",
            "borderLeftWidth": 0,
            "borderRightColor": "hsla(0, 0%, 91%, 1)",
            "borderRightWidth": 0,
            "borderStyle": "solid",
            "borderTopColor": "hsla(0, 0%, 91%, 1)",
            "borderTopLeftRadius": 8,
            "borderTopRightRadius": 8,
            "borderTopWidth": 0,
            "color": "#374151",
            "flex": 1,
            "fontFamily": "Inter_400Regular",
            "fontSize": 14,
            "height": 45,
            "minWidth": 0,
            "paddingBottom": 12,
            "paddingLeft": 54,
            "paddingRight": 16,
            "paddingTop": 12,
            "position": "relative",
          }
        }
        testID="input"
      />
    </View>
  </View>,
]
`;
