// Jest Snapshot v1, https://goo.gl/fbAQLP

exports[`HomeScreen match snapshot 1`] = `
<View
  style={
    {
      "backgroundColor": "#fff",
      "flex": 1,
    }
  }
>
  <View
    style={
      {
        "alignItems": "center",
        "flexDirection": "row",
        "justifyContent": "space-between",
        "paddingHorizontal": 20,
        "width": "100%",
      }
    }
  >
    <Text
      style={
        [
          {
            "color": "#5c5c5c",
            "fontFamily": "Manrope",
            "fontSize": 23,
            "fontWeight": "800",
            "lineHeight": 32,
            "textTransform": undefined,
          },
          undefined,
        ]
      }
    >
      Want to eat
healthy Food?
    </Text>
    <View
      accessibilityState={
        {
          "busy": undefined,
          "checked": undefined,
          "disabled": undefined,
          "expanded": undefined,
          "selected": undefined,
        }
      }
      accessibilityValue={
        {
          "max": undefined,
          "min": undefined,
          "now": undefined,
          "text": undefined,
        }
      }
      accessible={true}
      collapsable={false}
      focusable={true}
      onBlur={[Function]}
      onClick={[Function]}
      onFocus={[Function]}
      onResponderGrant={[Function]}
      onResponderMove={[Function]}
      onResponderRelease={[Function]}
      onResponderTerminate={[Function]}
      onResponderTerminationRequest={[Function]}
      onStartShouldSetResponder={[Function]}
      role="button"
      style={
        {
          "alignItems": "center",
          "backgroundColor": "#00000021",
          "borderRadius": "100%",
          "height": 35,
          "justifyContent": "center",
          "width": 35,
        }
      }
      testID="question-icon"
    >
      <Image
        source={
          {
            "testUri": "../../../assets/icons/question.png",
          }
        }
      />
    </View>
  </View>
  <View
    accessibilityState={
      {
        "busy": undefined,
        "checked": undefined,
        "disabled": undefined,
        "expanded": undefined,
        "selected": undefined,
      }
    }
    accessible={true}
    focusable={true}
    onClick={[Function]}
    onResponderGrant={[Function]}
    onResponderMove={[Function]}
    onResponderRelease={[Function]}
    onResponderTerminate={[Function]}
    onResponderTerminationRequest={[Function]}
    onStartShouldSetResponder={[Function]}
    style={
      {
        "backgroundColor": "#fff3f1",
        "borderRadius": 15,
        "marginHorizontal": 16,
        "marginTop": 14,
        "position": "relative",
        "zIndex": 1,
      }
    }
  >
    <TextInput
      onChangeText={[Function]}
      onFocus={[Function]}
      placeholder="Search for healthy food"
      placeholderTextColor="#ff8473"
      style={
        {
          "color": "#000000",
          "fontSize": 13,
          "fontWeight": "400",
          "paddingHorizontal": 60,
          "paddingVertical": 14,
        }
      }
      testID="search-input"
    />
    <View
      style={
        {
          "left": 21,
          "position": "absolute",
          "top": "50%",
          "transform": [
            {
              "translateY": -10,
            },
          ],
        }
      }
    >
      <Image
        source={
          {
            "testUri": "../../../assets/icons/iconsearch.png",
          }
        }
      />
    </View>
  </View>
  <View
    style={
      {
        "height": 26,
        "marginTop": 16,
      }
    }
  >
    <RCTScrollView
      collapsable={false}
      contentContainerStyle={
        {
          "gap": 16,
        }
      }
      handlerTag={1}
      handlerType="NativeViewGestureHandler"
      horizontal={true}
      onGestureHandlerEvent={[Function]}
      onGestureHandlerStateChange={[Function]}
      pagingEnabled={true}
      showsHorizontalScrollIndicator={false}
      waitFor={
        [
          {
            "current": null,
          },
        ]
      }
    >
      <View>
        <View
          accessibilityState={
            {
              "busy": undefined,
              "checked": undefined,
              "disabled": undefined,
              "expanded": undefined,
              "selected": undefined,
            }
          }
          accessibilityValue={
            {
              "max": undefined,
              "min": undefined,
              "now": undefined,
              "text": undefined,
            }
          }
          accessible={true}
          collapsable={false}
          focusable={true}
          onClick={[Function]}
          onResponderGrant={[Function]}
          onResponderMove={[Function]}
          onResponderRelease={[Function]}
          onResponderTerminate={[Function]}
          onResponderTerminationRequest={[Function]}
          onStartShouldSetResponder={[Function]}
          style={
            {
              "alignItems": "center",
              "backgroundColor": "#ececec",
              "borderRadius": 8,
              "justifyContent": "center",
              "marginLeft": 16,
              "marginRight": 0,
              "opacity": 1,
              "paddingHorizontal": 10,
              "paddingVertical": 4,
            }
          }
        >
          <Text
            style={
              [
                {
                  "color": "#5c5c5c",
                  "fontFamily": "Manrope",
                  "fontSize": 13,
                  "fontWeight": "400",
                  "lineHeight": 18,
                  "textTransform": undefined,
                },
                false,
              ]
            }
          >
            Breakfast
          </Text>
        </View>
        <View
          accessibilityState={
            {
              "busy": undefined,
              "checked": undefined,
              "disabled": undefined,
              "expanded": undefined,
              "selected": undefined,
            }
          }
          accessibilityValue={
            {
              "max": undefined,
              "min": undefined,
              "now": undefined,
              "text": undefined,
            }
          }
          accessible={true}
          collapsable={false}
          focusable={true}
          onClick={[Function]}
          onResponderGrant={[Function]}
          onResponderMove={[Function]}
          onResponderRelease={[Function]}
          onResponderTerminate={[Function]}
          onResponderTerminationRequest={[Function]}
          onStartShouldSetResponder={[Function]}
          style={
            {
              "alignItems": "center",
              "backgroundColor": "#ececec",
              "borderRadius": 8,
              "justifyContent": "center",
              "marginLeft": 0,
              "marginRight": 0,
              "opacity": 1,
              "paddingHorizontal": 10,
              "paddingVertical": 4,
            }
          }
        >
          <Text
            style={
              [
                {
                  "color": "#5c5c5c",
                  "fontFamily": "Manrope",
                  "fontSize": 13,
                  "fontWeight": "400",
                  "lineHeight": 18,
                  "textTransform": undefined,
                },
                false,
              ]
            }
          >
            Dinner
          </Text>
        </View>
        <View
          accessibilityState={
            {
              "busy": undefined,
              "checked": undefined,
              "disabled": undefined,
              "expanded": undefined,
              "selected": undefined,
            }
          }
          accessibilityValue={
            {
              "max": undefined,
              "min": undefined,
              "now": undefined,
              "text": undefined,
            }
          }
          accessible={true}
          collapsable={false}
          focusable={true}
          onClick={[Function]}
          onResponderGrant={[Function]}
          onResponderMove={[Function]}
          onResponderRelease={[Function]}
          onResponderTerminate={[Function]}
          onResponderTerminationRequest={[Function]}
          onStartShouldSetResponder={[Function]}
          style={
            {
              "alignItems": "center",
              "backgroundColor": "#ececec",
              "borderRadius": 8,
              "justifyContent": "center",
              "marginLeft": 0,
              "marginRight": 0,
              "opacity": 1,
              "paddingHorizontal": 10,
              "paddingVertical": 4,
            }
          }
        >
          <Text
            style={
              [
                {
                  "color": "#5c5c5c",
                  "fontFamily": "Manrope",
                  "fontSize": 13,
                  "fontWeight": "400",
                  "lineHeight": 18,
                  "textTransform": undefined,
                },
                false,
              ]
            }
          >
            Dry fruits
          </Text>
        </View>
        <View
          accessibilityState={
            {
              "busy": undefined,
              "checked": undefined,
              "disabled": undefined,
              "expanded": undefined,
              "selected": undefined,
            }
          }
          accessibilityValue={
            {
              "max": undefined,
              "min": undefined,
              "now": undefined,
              "text": undefined,
            }
          }
          accessible={true}
          collapsable={false}
          focusable={true}
          onClick={[Function]}
          onResponderGrant={[Function]}
          onResponderMove={[Function]}
          onResponderRelease={[Function]}
          onResponderTerminate={[Function]}
          onResponderTerminationRequest={[Function]}
          onStartShouldSetResponder={[Function]}
          style={
            {
              "alignItems": "center",
              "backgroundColor": "#ececec",
              "borderRadius": 8,
              "justifyContent": "center",
              "marginLeft": 0,
              "marginRight": 0,
              "opacity": 1,
              "paddingHorizontal": 10,
              "paddingVertical": 4,
            }
          }
        >
          <Text
            style={
              [
                {
                  "color": "#5c5c5c",
                  "fontFamily": "Manrope",
                  "fontSize": 13,
                  "fontWeight": "400",
                  "lineHeight": 18,
                  "textTransform": undefined,
                },
                false,
              ]
            }
          >
            Lunch
          </Text>
        </View>
        <View
          accessibilityState={
            {
              "busy": undefined,
              "checked": undefined,
              "disabled": undefined,
              "expanded": undefined,
              "selected": undefined,
            }
          }
          accessibilityValue={
            {
              "max": undefined,
              "min": undefined,
              "now": undefined,
              "text": undefined,
            }
          }
          accessible={true}
          collapsable={false}
          focusable={true}
          onClick={[Function]}
          onResponderGrant={[Function]}
          onResponderMove={[Function]}
          onResponderRelease={[Function]}
          onResponderTerminate={[Function]}
          onResponderTerminationRequest={[Function]}
          onStartShouldSetResponder={[Function]}
          style={
            {
              "alignItems": "center",
              "backgroundColor": "#ececec",
              "borderRadius": 8,
              "justifyContent": "center",
              "marginLeft": 0,
              "marginRight": 0,
              "opacity": 1,
              "paddingHorizontal": 10,
              "paddingVertical": 4,
            }
          }
        >
          <Text
            style={
              [
                {
                  "color": "#5c5c5c",
                  "fontFamily": "Manrope",
                  "fontSize": 13,
                  "fontWeight": "400",
                  "lineHeight": 18,
                  "textTransform": undefined,
                },
                false,
              ]
            }
          >
            Vegetables
          </Text>
        </View>
        <View
          accessibilityState={
            {
              "busy": undefined,
              "checked": undefined,
              "disabled": undefined,
              "expanded": undefined,
              "selected": undefined,
            }
          }
          accessibilityValue={
            {
              "max": undefined,
              "min": undefined,
              "now": undefined,
              "text": undefined,
            }
          }
          accessible={true}
          collapsable={false}
          focusable={true}
          onClick={[Function]}
          onResponderGrant={[Function]}
          onResponderMove={[Function]}
          onResponderRelease={[Function]}
          onResponderTerminate={[Function]}
          onResponderTerminationRequest={[Function]}
          onStartShouldSetResponder={[Function]}
          style={
            {
              "alignItems": "center",
              "backgroundColor": "#ececec",
              "borderRadius": 8,
              "justifyContent": "center",
              "marginLeft": 0,
              "marginRight": 0,
              "opacity": 1,
              "paddingHorizontal": 10,
              "paddingVertical": 4,
            }
          }
        >
          <Text
            style={
              [
                {
                  "color": "#5c5c5c",
                  "fontFamily": "Manrope",
                  "fontSize": 13,
                  "fontWeight": "400",
                  "lineHeight": 18,
                  "textTransform": undefined,
                },
                false,
              ]
            }
          >
            Greenish
          </Text>
        </View>
        <View
          accessibilityState={
            {
              "busy": undefined,
              "checked": undefined,
              "disabled": undefined,
              "expanded": undefined,
              "selected": undefined,
            }
          }
          accessibilityValue={
            {
              "max": undefined,
              "min": undefined,
              "now": undefined,
              "text": undefined,
            }
          }
          accessible={true}
          collapsable={false}
          focusable={true}
          onClick={[Function]}
          onResponderGrant={[Function]}
          onResponderMove={[Function]}
          onResponderRelease={[Function]}
          onResponderTerminate={[Function]}
          onResponderTerminationRequest={[Function]}
          onStartShouldSetResponder={[Function]}
          style={
            {
              "alignItems": "center",
              "backgroundColor": "#ececec",
              "borderRadius": 8,
              "justifyContent": "center",
              "marginLeft": 0,
              "marginRight": 0,
              "opacity": 1,
              "paddingHorizontal": 10,
              "paddingVertical": 4,
            }
          }
        >
          <Text
            style={
              [
                {
                  "color": "#5c5c5c",
                  "fontFamily": "Manrope",
                  "fontSize": 13,
                  "fontWeight": "400",
                  "lineHeight": 18,
                  "textTransform": undefined,
                },
                false,
              ]
            }
          >
            Non-Veg
          </Text>
        </View>
        <View
          accessibilityState={
            {
              "busy": undefined,
              "checked": undefined,
              "disabled": undefined,
              "expanded": undefined,
              "selected": undefined,
            }
          }
          accessibilityValue={
            {
              "max": undefined,
              "min": undefined,
              "now": undefined,
              "text": undefined,
            }
          }
          accessible={true}
          collapsable={false}
          focusable={true}
          onClick={[Function]}
          onResponderGrant={[Function]}
          onResponderMove={[Function]}
          onResponderRelease={[Function]}
          onResponderTerminate={[Function]}
          onResponderTerminationRequest={[Function]}
          onStartShouldSetResponder={[Function]}
          style={
            {
              "alignItems": "center",
              "backgroundColor": "#ececec",
              "borderRadius": 8,
              "justifyContent": "center",
              "marginLeft": 0,
              "marginRight": 16,
              "opacity": 1,
              "paddingHorizontal": 10,
              "paddingVertical": 4,
            }
          }
        >
          <Text
            style={
              [
                {
                  "color": "#5c5c5c",
                  "fontFamily": "Manrope",
                  "fontSize": 13,
                  "fontWeight": "400",
                  "lineHeight": 18,
                  "textTransform": undefined,
                },
                false,
              ]
            }
          >
            Fast Food
          </Text>
        </View>
      </View>
    </RCTScrollView>
  </View>
  <View
    style={
      {
        "marginTop": 16,
      }
    }
  >
    <View
      style={
        {
          "height": 266.8,
        }
      }
    >
      <View
        style={
          [
            {
              "display": "flex",
            },
            undefined,
          ]
        }
      >
        <View
          collapsable={false}
          onLayout={[Function]}
          onTouchEnd={[Function]}
          onTouchStart={[Function]}
          style={
            [
              {
                "overflow": "hidden",
              },
              {
                "height": "100%",
                "width": 750,
              },
              {
                "height": 266.8,
              },
              {
                "flexDirection": "row",
              },
            ]
          }
        />
      </View>
    </View>
    <View
      style={
        [
          {
            "alignSelf": "center",
            "justifyContent": "space-between",
            "minHeight": 20,
            "minWidth": 20,
          },
          {
            "flexDirection": "row",
          },
          {
            "alignItems": "center",
            "flexDirection": "row",
            "gap": 10,
            "height": 20,
            "justifyContent": "center",
            "marginTop": 23,
            "width": 30,
          },
        ]
      }
    >
      <View
        accessibilityState={
          {
            "busy": undefined,
            "checked": undefined,
            "disabled": undefined,
            "expanded": undefined,
            "selected": undefined,
          }
        }
        accessible={true}
        focusable={true}
        onClick={[Function]}
        onResponderGrant={[Function]}
        onResponderMove={[Function]}
        onResponderRelease={[Function]}
        onResponderTerminate={[Function]}
        onResponderTerminationRequest={[Function]}
        onStartShouldSetResponder={[Function]}
        style={
          [
            {
              "overflow": "hidden",
              "transform": [
                {
                  "rotateZ": "0deg",
                },
              ],
            },
            {
              "backgroundColor": "rgba(255, 132, 115, 0.5)",
              "borderRadius": 16,
              "height": 8,
              "width": 12,
            },
            {
              "backgroundColor": undefined,
              "borderRadius": undefined,
              "height": undefined,
              "transform": [],
              "width": undefined,
            },
          ]
        }
      />
      <View
        accessibilityState={
          {
            "busy": undefined,
            "checked": undefined,
            "disabled": undefined,
            "expanded": undefined,
            "selected": undefined,
          }
        }
        accessible={true}
        focusable={true}
        onClick={[Function]}
        onResponderGrant={[Function]}
        onResponderMove={[Function]}
        onResponderRelease={[Function]}
        onResponderTerminate={[Function]}
        onResponderTerminationRequest={[Function]}
        onStartShouldSetResponder={[Function]}
        style={
          [
            {
              "overflow": "hidden",
              "transform": [
                {
                  "rotateZ": "0deg",
                },
              ],
            },
            {
              "backgroundColor": "rgba(255, 132, 115, 0.5)",
              "borderRadius": 16,
              "height": 8,
              "width": 12,
            },
            {
              "backgroundColor": undefined,
              "borderRadius": undefined,
              "height": undefined,
              "transform": [],
              "width": undefined,
            },
          ]
        }
      />
      <View
        accessibilityState={
          {
            "busy": undefined,
            "checked": undefined,
            "disabled": undefined,
            "expanded": undefined,
            "selected": undefined,
          }
        }
        accessible={true}
        focusable={true}
        onClick={[Function]}
        onResponderGrant={[Function]}
        onResponderMove={[Function]}
        onResponderRelease={[Function]}
        onResponderTerminate={[Function]}
        onResponderTerminationRequest={[Function]}
        onStartShouldSetResponder={[Function]}
        style={
          [
            {
              "overflow": "hidden",
              "transform": [
                {
                  "rotateZ": "0deg",
                },
              ],
            },
            {
              "backgroundColor": "rgba(255, 132, 115, 0.5)",
              "borderRadius": 16,
              "height": 8,
              "width": 12,
            },
            {
              "backgroundColor": undefined,
              "borderRadius": undefined,
              "height": undefined,
              "transform": [],
              "width": undefined,
            },
          ]
        }
      />
    </View>
  </View>
  <View
    style={
      {
        "gap": 20,
        "marginTop": 20,
        "paddingHorizontal": 20,
      }
    }
    testID="food-skeleton"
  >
    <View
      style={
        {
          "backgroundColor": "#E0E0E0",
          "height": 16,
          "marginTop": 10,
          "width": 80,
        }
      }
    />
    <View
      style={
        {
          "flexDirection": "row",
          "gap": 20,
        }
      }
    >
      <View
        style={
          {
            "alignItems": "center",
            "backgroundColor": "#fff",
            "borderColor": "#DBDBDB",
            "borderRadius": 20,
            "borderWidth": 1,
            "height": 192,
            "justifyContent": "space-around",
            "minWidth": 154,
            "paddingBottom": 18,
            "paddingHorizontal": 27,
            "paddingTop": 17,
            "paddingVertical": 17,
          }
        }
      >
        <View
          style={
            {
              "backgroundColor": "#E0E0E0",
              "borderRadius": 8,
              "height": 60,
              "width": 60,
            }
          }
        />
        <View
          style={
            {
              "backgroundColor": "#E0E0E0",
              "height": 14,
              "marginTop": 10,
              "width": "80%",
            }
          }
        />
        <View
          style={
            {
              "backgroundColor": "#E0E0E0",
              "height": 14,
              "marginTop": 10,
              "width": "80%",
            }
          }
        />
      </View>
      <View
        style={
          {
            "alignItems": "center",
            "backgroundColor": "#fff",
            "borderColor": "#DBDBDB",
            "borderRadius": 20,
            "borderWidth": 1,
            "height": 192,
            "justifyContent": "space-around",
            "minWidth": 154,
            "paddingBottom": 18,
            "paddingHorizontal": 27,
            "paddingTop": 17,
            "paddingVertical": 17,
          }
        }
      >
        <View
          style={
            {
              "backgroundColor": "#E0E0E0",
              "borderRadius": 8,
              "height": 60,
              "width": 60,
            }
          }
        />
        <View
          style={
            {
              "backgroundColor": "#E0E0E0",
              "height": 14,
              "marginTop": 10,
              "width": "80%",
            }
          }
        />
        <View
          style={
            {
              "backgroundColor": "#E0E0E0",
              "height": 14,
              "marginTop": 10,
              "width": "80%",
            }
          }
        />
      </View>
      <View
        style={
          {
            "alignItems": "center",
            "backgroundColor": "#fff",
            "borderColor": "#DBDBDB",
            "borderRadius": 20,
            "borderWidth": 1,
            "height": 192,
            "justifyContent": "space-around",
            "minWidth": 154,
            "paddingBottom": 18,
            "paddingHorizontal": 27,
            "paddingTop": 17,
            "paddingVertical": 17,
          }
        }
      >
        <View
          style={
            {
              "backgroundColor": "#E0E0E0",
              "borderRadius": 8,
              "height": 60,
              "width": 60,
            }
          }
        />
        <View
          style={
            {
              "backgroundColor": "#E0E0E0",
              "height": 14,
              "marginTop": 10,
              "width": "80%",
            }
          }
        />
        <View
          style={
            {
              "backgroundColor": "#E0E0E0",
              "height": 14,
              "marginTop": 10,
              "width": "80%",
            }
          }
        />
      </View>
      <View
        style={
          {
            "alignItems": "center",
            "backgroundColor": "#fff",
            "borderColor": "#DBDBDB",
            "borderRadius": 20,
            "borderWidth": 1,
            "height": 192,
            "justifyContent": "space-around",
            "minWidth": 154,
            "paddingBottom": 18,
            "paddingHorizontal": 27,
            "paddingTop": 17,
            "paddingVertical": 17,
          }
        }
      >
        <View
          style={
            {
              "backgroundColor": "#E0E0E0",
              "borderRadius": 8,
              "height": 60,
              "width": 60,
            }
          }
        />
        <View
          style={
            {
              "backgroundColor": "#E0E0E0",
              "height": 14,
              "marginTop": 10,
              "width": "80%",
            }
          }
        />
        <View
          style={
            {
              "backgroundColor": "#E0E0E0",
              "height": 14,
              "marginTop": 10,
              "width": "80%",
            }
          }
        />
      </View>
    </View>
  </View>
</View>
`;
