// Jest Snapshot v1, https://goo.gl/fbAQLP

exports[`SearchContainer renders FoodsContainer match snapshot 1`] = `
<View
  style={
    {
      "backgroundColor": "#fff",
      "flex": 1,
    }
  }
  testID="foods-container"
>
  <View
    style={
      {
        "flex": 1,
        "paddingTop": 15,
      }
    }
  >
    <View
      style={
        [
          {
            "alignItems": "center",
            "height": "100%",
            "justifyContent": "center",
            "position": "absolute",
            "width": "100%",
            "zIndex": 10,
          },
          {
            "marginTop": undefined,
          },
        ]
      }
      testID="loading-indicator"
    >
      <View
        collapsable={false}
        style={
          {
            "transform": [
              {
                "rotate": "0deg",
              },
            ],
          }
        }
      >
        <Image
          source={
            {
              "testUri": "../../../assets/images/logo.png",
            }
          }
          style={
            {
              "height": 122,
              "width": 122,
            }
          }
        />
      </View>
    </View>
  </View>
</View>
`;
