// Jest Snapshot v1, https://goo.gl/fbAQLP

exports[`<RootLayout /> matches snapshot after loading 1`] = `
<View
  aria-label="Notifications (F8)"
  pointerEvents="box-none"
  role="region"
  style={
    {
      "bottom": 0,
      "flexDirection": "column",
      "left": 0,
      "maxWidth": "100%",
      "position": "absolute",
      "right": 0,
      "top": 0,
      "zIndex": 100000,
    }
  }
  tabIndex={-1}
>
  <View
    focusable={false}
    pointerEvents="box-none"
    style={
      {
        "flexDirection": "column",
        "maxWidth": "100%",
        "position": "absolute",
      }
    }
  />
</View>
`;
