// Jest Snapshot v1, https://goo.gl/fbAQLP

exports[`HospitalList renders nothing if data is empty 1`] = `
[
  <View
    aria-label="Notifications (F8)"
    pointerEvents="box-none"
    role="region"
    style={
      {
        "bottom": 0,
        "flexDirection": "column",
        "left": 0,
        "maxWidth": "100%",
        "position": "absolute",
        "right": 0,
        "top": 0,
        "zIndex": 100000,
      }
    }
    tabIndex={-1}
  >
    <View
      focusable={false}
      pointerEvents="box-none"
      style={
        {
          "flexDirection": "column",
          "maxWidth": "100%",
          "position": "absolute",
        }
      }
    />
  </View>,
  <View
    collapsable={false}
    onLayout={[Function]}
    style={
      {
        "flex": 1,
        "overflow": "hidden",
      }
    }
  >
    <RCTScrollView
      collapsable={false}
      keyExtractor={[Function]}
      maintainVisibleContentPosition={
        {
          "minIndexForVisible": 0,
        }
      }
      onScroll={[Function]}
      scrollEventThrottle={0.0001}
      showsHorizontalScrollIndicator={false}
      showsVerticalScrollIndicator={false}
      testID="hospital-list"
    >
      <View>
        <View
          style={
            {
              "height": 0,
              "left": 0,
              "position": "absolute",
              "top": 1000000,
            }
          }
        />
        <View
          style={
            {
              "height": 0,
              "minHeight": undefined,
              "width": undefined,
            }
          }
        />
        <View
          style={false}
        />
      </View>
    </RCTScrollView>
  </View>,
]
`;
